2025-06-15 21:33:30 INFO  [background-preinit] o.h.validator.internal.util.Version - HV000001: Hibernate Validator 8.0.2.Final
2025-06-15 21:33:30 INFO  [main] r.d.calculator.CalculatorApplication - Starting CalculatorApplication using Java 21.0.7 with PID 9724 (C:\Users\adm\Desktop\gitRepos\bank\calculator\target\classes started by adm in C:\Users\adm\Desktop\gitRepos\bank\calculator)
2025-06-15 21:33:30 DEBUG [main] r.d.calculator.CalculatorApplication - Running with Spring Boot v3.4.4, Spring v6.2.5
2025-06-15 21:33:30 INFO  [main] r.d.calculator.CalculatorApplication - No active profile set, falling back to 1 default profile: "default"
2025-06-15 21:33:32 INFO  [main] o.s.b.w.e.tomcat.TomcatWebServer - Tomcat initialized with port 8080 (http)
2025-06-15 21:33:32 INFO  [main] o.a.coyote.http11.Http11NioProtocol - Initializing ProtocolHandler ["http-nio-8080"]
2025-06-15 21:33:32 INFO  [main] o.a.catalina.core.StandardService - Starting service [Tomcat]
2025-06-15 21:33:32 INFO  [main] o.a.catalina.core.StandardEngine - Starting Servlet engine: [Apache Tomcat/10.1.39]
2025-06-15 21:33:32 INFO  [main] o.a.c.c.C.[Tomcat].[localhost].[/] - Initializing Spring embedded WebApplicationContext
2025-06-15 21:33:32 INFO  [main] o.s.b.w.s.c.ServletWebServerApplicationContext - Root WebApplicationContext: initialization completed in 1709 ms
2025-06-15 21:33:32 INFO  [main] o.a.coyote.http11.Http11NioProtocol - Starting ProtocolHandler ["http-nio-8080"]
2025-06-15 21:33:32 INFO  [main] o.s.b.w.e.tomcat.TomcatWebServer - Tomcat started on port 8080 (http) with context path '/'
2025-06-15 21:33:32 INFO  [main] r.d.calculator.CalculatorApplication - Started CalculatorApplication in 3.272 seconds (process running for 3.796)
2025-06-15 21:33:41 INFO  [http-nio-8080-exec-1] o.a.c.c.C.[Tomcat].[localhost].[/] - Initializing Spring DispatcherServlet 'dispatcherServlet'
2025-06-15 21:33:41 INFO  [http-nio-8080-exec-1] o.s.web.servlet.DispatcherServlet - Initializing Servlet 'dispatcherServlet'
2025-06-15 21:33:42 INFO  [http-nio-8080-exec-1] o.s.web.servlet.DispatcherServlet - Completed initialization in 1 ms
2025-06-15 21:33:43 INFO  [http-nio-8080-exec-4] o.s.api.AbstractOpenApiResource - Init duration for springdoc-openapi is: 801 ms
2025-06-15 21:33:49 INFO  [http-nio-8080-exec-6] r.d.c.c.CalculatorController - Received credit creation request: ScoringDataDto(amount=25000, term=12, firstName=Coul, lastName=Rust, middleName=Jackson, gender=MALE, birthdate=2003-01-01, passportSeries=1234, passportNumber=567890, passportIssueDate=2003-01-01, passportIssueBranch=MG Russia, maritalStatus=MARRIED, dependentAmount=0, employment=EmploymentDto(employmentStatus=SELF_EMPLOYED, employerINN=123456789012, salary=60000, position=MANAGER, workExperienceTotal=20, workExperienceCurrent=10), accountNumber=12345678901234567000, isInsuranceEnabled=true, isSalaryClient=true)
2025-06-15 21:33:49 DEBUG [http-nio-8080-exec-6] r.d.c.s.impl.CalcCreditServiceImpl - Calculating credit ScoringDataDto(amount=25000, term=12, firstName=Coul, lastName=Rust, middleName=Jackson, gender=MALE, birthdate=2003-01-01, passportSeries=1234, passportNumber=567890, passportIssueDate=2003-01-01, passportIssueBranch=MG Russia, maritalStatus=MARRIED, dependentAmount=0, employment=EmploymentDto(employmentStatus=SELF_EMPLOYED, employerINN=123456789012, salary=60000, position=MANAGER, workExperienceTotal=20, workExperienceCurrent=10), accountNumber=12345678901234567000, isInsuranceEnabled=true, isSalaryClient=true)
2025-06-15 21:33:49 DEBUG [http-nio-8080-exec-6] r.d.c.s.impl.CalcCreditServiceImpl - Creating credit ScoringDataDto(amount=25000, term=12, firstName=Coul, lastName=Rust, middleName=Jackson, gender=MALE, birthdate=2003-01-01, passportSeries=1234, passportNumber=567890, passportIssueDate=2003-01-01, passportIssueBranch=MG Russia, maritalStatus=MARRIED, dependentAmount=0, employment=EmploymentDto(employmentStatus=SELF_EMPLOYED, employerINN=123456789012, salary=60000, position=MANAGER, workExperienceTotal=20, workExperienceCurrent=10), accountNumber=12345678901234567000, isInsuranceEnabled=true, isSalaryClient=true)
2025-06-15 21:33:49 DEBUG [http-nio-8080-exec-6] r.d.c.s.impl.CalcCreditServiceImpl - Validating scoring data ScoringDataDto(amount=25000, term=12, firstName=Coul, lastName=Rust, middleName=Jackson, gender=MALE, birthdate=2003-01-01, passportSeries=1234, passportNumber=567890, passportIssueDate=2003-01-01, passportIssueBranch=MG Russia, maritalStatus=MARRIED, dependentAmount=0, employment=EmploymentDto(employmentStatus=SELF_EMPLOYED, employerINN=123456789012, salary=60000, position=MANAGER, workExperienceTotal=20, workExperienceCurrent=10), accountNumber=12345678901234567000, isInsuranceEnabled=true, isSalaryClient=true)
2025-06-15 21:33:49 DEBUG [http-nio-8080-exec-6] r.d.c.service.utils.UserValidator - Validating scoring data ScoringDataDto(amount=25000, term=12, firstName=Coul, lastName=Rust, middleName=Jackson, gender=MALE, birthdate=2003-01-01, passportSeries=1234, passportNumber=567890, passportIssueDate=2003-01-01, passportIssueBranch=MG Russia, maritalStatus=MARRIED, dependentAmount=0, employment=EmploymentDto(employmentStatus=SELF_EMPLOYED, employerINN=123456789012, salary=60000, position=MANAGER, workExperienceTotal=20, workExperienceCurrent=10), accountNumber=12345678901234567000, isInsuranceEnabled=true, isSalaryClient=true)
2025-06-15 21:33:49 DEBUG [http-nio-8080-exec-6] r.d.c.service.utils.UserValidator - Validating employment status scoring data ScoringDataDto(amount=25000, term=12, firstName=Coul, lastName=Rust, middleName=Jackson, gender=MALE, birthdate=2003-01-01, passportSeries=1234, passportNumber=567890, passportIssueDate=2003-01-01, passportIssueBranch=MG Russia, maritalStatus=MARRIED, dependentAmount=0, employment=EmploymentDto(employmentStatus=SELF_EMPLOYED, employerINN=123456789012, salary=60000, position=MANAGER, workExperienceTotal=20, workExperienceCurrent=10), accountNumber=12345678901234567000, isInsuranceEnabled=true, isSalaryClient=true)
2025-06-15 21:33:49 DEBUG [http-nio-8080-exec-6] r.d.c.service.utils.UserValidator - Calculated rate by 2 for SELF_EMPLOYED CreditDto(amount=25000, term=12, monthlyPayment=null, rate=22, psk=null, isInsuranceEnabled=true, isSalaryClient=true, paymentSchedule=null)
2025-06-15 21:33:49 DEBUG [http-nio-8080-exec-6] r.d.c.service.utils.UserValidator - Validated EmploymentStatus for creditCreditDto(amount=25000, term=12, monthlyPayment=null, rate=22, psk=null, isInsuranceEnabled=true, isSalaryClient=true, paymentSchedule=null)
2025-06-15 21:33:49 DEBUG [http-nio-8080-exec-6] r.d.c.service.utils.UserValidator - Employment position validating scoring data, ScoringDataDto(amount=25000, term=12, firstName=Coul, lastName=Rust, middleName=Jackson, gender=MALE, birthdate=2003-01-01, passportSeries=1234, passportNumber=567890, passportIssueDate=2003-01-01, passportIssueBranch=MG Russia, maritalStatus=MARRIED, dependentAmount=0, employment=EmploymentDto(employmentStatus=SELF_EMPLOYED, employerINN=123456789012, salary=60000, position=MANAGER, workExperienceTotal=20, workExperienceCurrent=10), accountNumber=12345678901234567000, isInsuranceEnabled=true, isSalaryClient=true)
2025-06-15 21:33:49 DEBUG [http-nio-8080-exec-6] r.d.c.service.utils.UserValidator - Subtracted rate by 2 for MANAGER CreditDto(amount=25000, term=12, monthlyPayment=null, rate=20, psk=null, isInsuranceEnabled=true, isSalaryClient=true, paymentSchedule=null)
2025-06-15 21:33:49 DEBUG [http-nio-8080-exec-6] r.d.c.service.utils.UserValidator - Validated EmploymentPosition for creditCreditDto(amount=25000, term=12, monthlyPayment=null, rate=20, psk=null, isInsuranceEnabled=true, isSalaryClient=true, paymentSchedule=null)
2025-06-15 21:33:49 DEBUG [http-nio-8080-exec-6] r.d.c.service.utils.UserValidator - Validating loan amount scoring data, ScoringDataDto(amount=25000, term=12, firstName=Coul, lastName=Rust, middleName=Jackson, gender=MALE, birthdate=2003-01-01, passportSeries=1234, passportNumber=567890, passportIssueDate=2003-01-01, passportIssueBranch=MG Russia, maritalStatus=MARRIED, dependentAmount=0, employment=EmploymentDto(employmentStatus=SELF_EMPLOYED, employerINN=123456789012, salary=60000, position=MANAGER, workExperienceTotal=20, workExperienceCurrent=10), accountNumber=12345678901234567000, isInsuranceEnabled=true, isSalaryClient=true)
2025-06-15 21:33:49 DEBUG [http-nio-8080-exec-6] r.d.c.service.utils.UserValidator - Validated loan amount for credit: ScoringDataDto(amount=25000, term=12, firstName=Coul, lastName=Rust, middleName=Jackson, gender=MALE, birthdate=2003-01-01, passportSeries=1234, passportNumber=567890, passportIssueDate=2003-01-01, passportIssueBranch=MG Russia, maritalStatus=MARRIED, dependentAmount=0, employment=EmploymentDto(employmentStatus=SELF_EMPLOYED, employerINN=123456789012, salary=60000, position=MANAGER, workExperienceTotal=20, workExperienceCurrent=10), accountNumber=12345678901234567000, isInsuranceEnabled=true, isSalaryClient=true)
2025-06-15 21:33:49 DEBUG [http-nio-8080-exec-6] r.d.c.service.utils.UserValidator - Employment marital status validating ScoringDataDto(amount=25000, term=12, firstName=Coul, lastName=Rust, middleName=Jackson, gender=MALE, birthdate=2003-01-01, passportSeries=1234, passportNumber=567890, passportIssueDate=2003-01-01, passportIssueBranch=MG Russia, maritalStatus=MARRIED, dependentAmount=0, employment=EmploymentDto(employmentStatus=SELF_EMPLOYED, employerINN=123456789012, salary=60000, position=MANAGER, workExperienceTotal=20, workExperienceCurrent=10), accountNumber=12345678901234567000, isInsuranceEnabled=true, isSalaryClient=true)
2025-06-15 21:33:49 DEBUG [http-nio-8080-exec-6] r.d.c.service.utils.UserValidator - Subtracted rate by 3 for MARRIED CreditDto(amount=25000, term=12, monthlyPayment=null, rate=17, psk=null, isInsuranceEnabled=true, isSalaryClient=true, paymentSchedule=null)
2025-06-15 21:33:49 DEBUG [http-nio-8080-exec-6] r.d.c.service.utils.UserValidator - Validated MaritalStatus for creditCreditDto(amount=25000, term=12, monthlyPayment=null, rate=17, psk=null, isInsuranceEnabled=true, isSalaryClient=true, paymentSchedule=null)
2025-06-15 21:33:49 DEBUG [http-nio-8080-exec-6] r.d.c.service.utils.UserValidator - Validating age scoring data, ScoringDataDto(amount=25000, term=12, firstName=Coul, lastName=Rust, middleName=Jackson, gender=MALE, birthdate=2003-01-01, passportSeries=1234, passportNumber=567890, passportIssueDate=2003-01-01, passportIssueBranch=MG Russia, maritalStatus=MARRIED, dependentAmount=0, employment=EmploymentDto(employmentStatus=SELF_EMPLOYED, employerINN=123456789012, salary=60000, position=MANAGER, workExperienceTotal=20, workExperienceCurrent=10), accountNumber=12345678901234567000, isInsuranceEnabled=true, isSalaryClient=true)
2025-06-15 21:33:49 DEBUG [http-nio-8080-exec-6] r.d.c.service.utils.UserValidator - Validated age for credit22
2025-06-15 21:33:49 DEBUG [http-nio-8080-exec-6] r.d.c.service.utils.UserValidator - Validating gender scoring data, ScoringDataDto(amount=25000, term=12, firstName=Coul, lastName=Rust, middleName=Jackson, gender=MALE, birthdate=2003-01-01, passportSeries=1234, passportNumber=567890, passportIssueDate=2003-01-01, passportIssueBranch=MG Russia, maritalStatus=MARRIED, dependentAmount=0, employment=EmploymentDto(employmentStatus=SELF_EMPLOYED, employerINN=123456789012, salary=60000, position=MANAGER, workExperienceTotal=20, workExperienceCurrent=10), accountNumber=12345678901234567000, isInsuranceEnabled=true, isSalaryClient=true)
2025-06-15 21:33:49 DEBUG [http-nio-8080-exec-6] r.d.c.service.utils.UserValidator - Validated Gender for creditCreditDto(amount=25000, term=12, monthlyPayment=null, rate=17, psk=null, isInsuranceEnabled=true, isSalaryClient=true, paymentSchedule=null)
2025-06-15 21:33:49 DEBUG [http-nio-8080-exec-6] r.d.c.service.utils.UserValidator - Validating work experience scoring data, ScoringDataDto(amount=25000, term=12, firstName=Coul, lastName=Rust, middleName=Jackson, gender=MALE, birthdate=2003-01-01, passportSeries=1234, passportNumber=567890, passportIssueDate=2003-01-01, passportIssueBranch=MG Russia, maritalStatus=MARRIED, dependentAmount=0, employment=EmploymentDto(employmentStatus=SELF_EMPLOYED, employerINN=123456789012, salary=60000, position=MANAGER, workExperienceTotal=20, workExperienceCurrent=10), accountNumber=12345678901234567000, isInsuranceEnabled=true, isSalaryClient=true)
2025-06-15 21:33:49 DEBUG [http-nio-8080-exec-6] r.d.c.service.utils.UserValidator - Validated WorkExperience, ScoringDataDto(amount=25000, term=12, firstName=Coul, lastName=Rust, middleName=Jackson, gender=MALE, birthdate=2003-01-01, passportSeries=1234, passportNumber=567890, passportIssueDate=2003-01-01, passportIssueBranch=MG Russia, maritalStatus=MARRIED, dependentAmount=0, employment=EmploymentDto(employmentStatus=SELF_EMPLOYED, employerINN=123456789012, salary=60000, position=MANAGER, workExperienceTotal=20, workExperienceCurrent=10), accountNumber=12345678901234567000, isInsuranceEnabled=true, isSalaryClient=true)
2025-06-15 21:33:49 DEBUG [http-nio-8080-exec-6] r.d.c.service.utils.UserValidator - Validated scoring data for creditCreditDto(amount=25000, term=12, monthlyPayment=null, rate=17, psk=null, isInsuranceEnabled=true, isSalaryClient=true, paymentSchedule=null)
2025-06-15 21:33:49 DEBUG [http-nio-8080-exec-6] r.d.c.s.LoanCalculatorComponent - Adjusting rate depending on settings: isInsuranceEnabled=true,  isSalaryClient=true
2025-06-15 21:33:49 DEBUG [http-nio-8080-exec-6] r.d.c.s.LoanCalculatorComponent - Calculating  rate by INSURANCE_DISCOUNT: rate=14
2025-06-15 21:33:49 DEBUG [http-nio-8080-exec-6] r.d.c.s.LoanCalculatorComponent - Calculating  rate by SALARY_CLIENT_DISCOUNT: rate=13
2025-06-15 21:33:49 DEBUG [http-nio-8080-exec-6] r.d.c.s.LoanCalculatorComponent - Calculated rate: rate=13
2025-06-15 21:33:49 DEBUG [http-nio-8080-exec-6] r.d.c.s.impl.CalcCreditServiceImpl - Calculated rate: 13
2025-06-15 21:33:49 DEBUG [http-nio-8080-exec-6] r.d.c.s.LoanCalculatorComponent - Calculating principal: amount=25000, isInsuranceEnabled=true
2025-06-15 21:33:49 DEBUG [http-nio-8080-exec-6] r.d.c.s.LoanCalculatorComponent - Increased amount: amount=125000
2025-06-15 21:33:49 DEBUG [http-nio-8080-exec-6] r.d.c.s.impl.CalcCreditServiceImpl - Calculated principal: 125000
2025-06-15 21:33:49 DEBUG [http-nio-8080-exec-6] r.d.c.s.LoanCalculatorComponent - Calculating annuity monthly payment: loanAmount=125000, rate=13, term=12
2025-06-15 21:33:49 DEBUG [http-nio-8080-exec-6] r.d.c.s.LoanCalculatorComponent - Calculated monthly payment: 11164.66
2025-06-15 21:33:49 DEBUG [http-nio-8080-exec-6] r.d.c.s.impl.CalcCreditServiceImpl - Calculated monthly payment: 11164.66
2025-06-15 21:33:49 DEBUG [http-nio-8080-exec-6] r.d.c.s.LoanCalculatorComponent - Calculating total amount: monthlyPayment=11164.66, term=12
2025-06-15 21:33:49 DEBUG [http-nio-8080-exec-6] r.d.c.s.LoanCalculatorComponent - Calculated total amount: totalAmount=133975.92
2025-06-15 21:33:49 DEBUG [http-nio-8080-exec-6] r.d.c.s.impl.CalcCreditServiceImpl - Calculated totalAmount: 133975.92
2025-06-15 21:33:49 DEBUG [http-nio-8080-exec-6] r.d.c.s.impl.CalcCreditServiceImpl - Calculating PSK by: principal=125000, monthlyPayment=133975.92, termMonths=12
2025-06-15 21:33:49 DEBUG [http-nio-8080-exec-6] r.d.c.s.impl.CalcCreditServiceImpl - Calculated PSK: 409500.00%
2025-06-15 21:33:49 DEBUG [http-nio-8080-exec-6] r.d.c.s.impl.CalcCreditServiceImpl - Calculating payment schedule for credit: CreditDto(amount=125000, term=12, monthlyPayment=11164.66, rate=13, psk=409500.00, isInsuranceEnabled=true, isSalaryClient=true, paymentSchedule=null)
2025-06-15 21:33:49 DEBUG [http-nio-8080-exec-6] r.d.c.s.impl.CalcCreditServiceImpl - Calculating interest payment: remainingDebt=125000, rate=13
2025-06-15 21:33:49 DEBUG [http-nio-8080-exec-6] r.d.c.s.impl.CalcCreditServiceImpl - Calculated interest payment: interest=1354.16
2025-06-15 21:33:49 DEBUG [http-nio-8080-exec-6] r.d.c.s.impl.CalcCreditServiceImpl - Calculating debt payment: totalPayment=11164.66, interestPayment=1354.16
2025-06-15 21:33:49 DEBUG [http-nio-8080-exec-6] r.d.c.s.impl.CalcCreditServiceImpl - Calculated debt payment: debtPayment=9810.50
2025-06-15 21:33:49 DEBUG [http-nio-8080-exec-6] r.d.c.s.impl.CalcCreditServiceImpl - Calculating remaining debt: remainingDebt=125000, debtPayment=9810.50
2025-06-15 21:33:49 DEBUG [http-nio-8080-exec-6] r.d.c.s.impl.CalcCreditServiceImpl - Calculated remaining debt: remainingDebt=115189.50
2025-06-15 21:33:49 DEBUG [http-nio-8080-exec-6] r.d.c.s.impl.CalcCreditServiceImpl - Month 1: interest=1354.16, debt=9810.50, remainingDebt=125000.00
2025-06-15 21:33:49 DEBUG [http-nio-8080-exec-6] r.d.c.s.impl.CalcCreditServiceImpl - Added schedule element: PaymentScheduleElementDto(number=1, date=2025-07-15, totalPayment=11164.66, interestPayment=1354.16, debtPayment=9810.50, remainingDebt=125000.00)
2025-06-15 21:33:49 DEBUG [http-nio-8080-exec-6] r.d.c.s.impl.CalcCreditServiceImpl - Calculating interest payment: remainingDebt=125000, rate=13
2025-06-15 21:33:49 DEBUG [http-nio-8080-exec-6] r.d.c.s.impl.CalcCreditServiceImpl - Calculated interest payment: interest=1354.16
2025-06-15 21:33:49 DEBUG [http-nio-8080-exec-6] r.d.c.s.impl.CalcCreditServiceImpl - Calculating debt payment: totalPayment=11164.66, interestPayment=1354.16
2025-06-15 21:33:49 DEBUG [http-nio-8080-exec-6] r.d.c.s.impl.CalcCreditServiceImpl - Calculated debt payment: debtPayment=9810.50
2025-06-15 21:33:49 DEBUG [http-nio-8080-exec-6] r.d.c.s.impl.CalcCreditServiceImpl - Calculating remaining debt: remainingDebt=125000, debtPayment=9810.50
2025-06-15 21:33:49 DEBUG [http-nio-8080-exec-6] r.d.c.s.impl.CalcCreditServiceImpl - Calculated remaining debt: remainingDebt=115189.50
2025-06-15 21:33:49 DEBUG [http-nio-8080-exec-6] r.d.c.s.impl.CalcCreditServiceImpl - Month 2: interest=1354.16, debt=9810.50, remainingDebt=125000.00
2025-06-15 21:33:49 DEBUG [http-nio-8080-exec-6] r.d.c.s.impl.CalcCreditServiceImpl - Added schedule element: PaymentScheduleElementDto(number=2, date=2025-08-15, totalPayment=11164.66, interestPayment=1354.16, debtPayment=9810.50, remainingDebt=125000.00)
2025-06-15 21:33:49 DEBUG [http-nio-8080-exec-6] r.d.c.s.impl.CalcCreditServiceImpl - Calculating interest payment: remainingDebt=125000, rate=13
2025-06-15 21:33:49 DEBUG [http-nio-8080-exec-6] r.d.c.s.impl.CalcCreditServiceImpl - Calculated interest payment: interest=1354.16
2025-06-15 21:33:49 DEBUG [http-nio-8080-exec-6] r.d.c.s.impl.CalcCreditServiceImpl - Calculating debt payment: totalPayment=11164.66, interestPayment=1354.16
2025-06-15 21:33:49 DEBUG [http-nio-8080-exec-6] r.d.c.s.impl.CalcCreditServiceImpl - Calculated debt payment: debtPayment=9810.50
2025-06-15 21:33:49 DEBUG [http-nio-8080-exec-6] r.d.c.s.impl.CalcCreditServiceImpl - Calculating remaining debt: remainingDebt=125000, debtPayment=9810.50
2025-06-15 21:33:49 DEBUG [http-nio-8080-exec-6] r.d.c.s.impl.CalcCreditServiceImpl - Calculated remaining debt: remainingDebt=115189.50
2025-06-15 21:33:49 DEBUG [http-nio-8080-exec-6] r.d.c.s.impl.CalcCreditServiceImpl - Month 3: interest=1354.16, debt=9810.50, remainingDebt=125000.00
2025-06-15 21:33:49 DEBUG [http-nio-8080-exec-6] r.d.c.s.impl.CalcCreditServiceImpl - Added schedule element: PaymentScheduleElementDto(number=3, date=2025-09-15, totalPayment=11164.66, interestPayment=1354.16, debtPayment=9810.50, remainingDebt=125000.00)
2025-06-15 21:33:49 DEBUG [http-nio-8080-exec-6] r.d.c.s.impl.CalcCreditServiceImpl - Calculating interest payment: remainingDebt=125000, rate=13
2025-06-15 21:33:49 DEBUG [http-nio-8080-exec-6] r.d.c.s.impl.CalcCreditServiceImpl - Calculated interest payment: interest=1354.16
2025-06-15 21:33:49 DEBUG [http-nio-8080-exec-6] r.d.c.s.impl.CalcCreditServiceImpl - Calculating debt payment: totalPayment=11164.66, interestPayment=1354.16
2025-06-15 21:33:49 DEBUG [http-nio-8080-exec-6] r.d.c.s.impl.CalcCreditServiceImpl - Calculated debt payment: debtPayment=9810.50
2025-06-15 21:33:49 DEBUG [http-nio-8080-exec-6] r.d.c.s.impl.CalcCreditServiceImpl - Calculating remaining debt: remainingDebt=125000, debtPayment=9810.50
2025-06-15 21:33:49 DEBUG [http-nio-8080-exec-6] r.d.c.s.impl.CalcCreditServiceImpl - Calculated remaining debt: remainingDebt=115189.50
2025-06-15 21:33:49 DEBUG [http-nio-8080-exec-6] r.d.c.s.impl.CalcCreditServiceImpl - Month 4: interest=1354.16, debt=9810.50, remainingDebt=125000.00
2025-06-15 21:33:49 DEBUG [http-nio-8080-exec-6] r.d.c.s.impl.CalcCreditServiceImpl - Added schedule element: PaymentScheduleElementDto(number=4, date=2025-10-15, totalPayment=11164.66, interestPayment=1354.16, debtPayment=9810.50, remainingDebt=125000.00)
2025-06-15 21:33:49 DEBUG [http-nio-8080-exec-6] r.d.c.s.impl.CalcCreditServiceImpl - Calculating interest payment: remainingDebt=125000, rate=13
2025-06-15 21:33:49 DEBUG [http-nio-8080-exec-6] r.d.c.s.impl.CalcCreditServiceImpl - Calculated interest payment: interest=1354.16
2025-06-15 21:33:49 DEBUG [http-nio-8080-exec-6] r.d.c.s.impl.CalcCreditServiceImpl - Calculating debt payment: totalPayment=11164.66, interestPayment=1354.16
2025-06-15 21:33:49 DEBUG [http-nio-8080-exec-6] r.d.c.s.impl.CalcCreditServiceImpl - Calculated debt payment: debtPayment=9810.50
2025-06-15 21:33:49 DEBUG [http-nio-8080-exec-6] r.d.c.s.impl.CalcCreditServiceImpl - Calculating remaining debt: remainingDebt=125000, debtPayment=9810.50
2025-06-15 21:33:49 DEBUG [http-nio-8080-exec-6] r.d.c.s.impl.CalcCreditServiceImpl - Calculated remaining debt: remainingDebt=115189.50
2025-06-15 21:33:49 DEBUG [http-nio-8080-exec-6] r.d.c.s.impl.CalcCreditServiceImpl - Month 5: interest=1354.16, debt=9810.50, remainingDebt=125000.00
2025-06-15 21:33:49 DEBUG [http-nio-8080-exec-6] r.d.c.s.impl.CalcCreditServiceImpl - Added schedule element: PaymentScheduleElementDto(number=5, date=2025-11-15, totalPayment=11164.66, interestPayment=1354.16, debtPayment=9810.50, remainingDebt=125000.00)
2025-06-15 21:33:49 DEBUG [http-nio-8080-exec-6] r.d.c.s.impl.CalcCreditServiceImpl - Calculating interest payment: remainingDebt=125000, rate=13
2025-06-15 21:33:49 DEBUG [http-nio-8080-exec-6] r.d.c.s.impl.CalcCreditServiceImpl - Calculated interest payment: interest=1354.16
2025-06-15 21:33:49 DEBUG [http-nio-8080-exec-6] r.d.c.s.impl.CalcCreditServiceImpl - Calculating debt payment: totalPayment=11164.66, interestPayment=1354.16
2025-06-15 21:33:49 DEBUG [http-nio-8080-exec-6] r.d.c.s.impl.CalcCreditServiceImpl - Calculated debt payment: debtPayment=9810.50
2025-06-15 21:33:49 DEBUG [http-nio-8080-exec-6] r.d.c.s.impl.CalcCreditServiceImpl - Calculating remaining debt: remainingDebt=125000, debtPayment=9810.50
2025-06-15 21:33:49 DEBUG [http-nio-8080-exec-6] r.d.c.s.impl.CalcCreditServiceImpl - Calculated remaining debt: remainingDebt=115189.50
2025-06-15 21:33:49 DEBUG [http-nio-8080-exec-6] r.d.c.s.impl.CalcCreditServiceImpl - Month 6: interest=1354.16, debt=9810.50, remainingDebt=125000.00
2025-06-15 21:33:49 DEBUG [http-nio-8080-exec-6] r.d.c.s.impl.CalcCreditServiceImpl - Added schedule element: PaymentScheduleElementDto(number=6, date=2025-12-15, totalPayment=11164.66, interestPayment=1354.16, debtPayment=9810.50, remainingDebt=125000.00)
2025-06-15 21:33:49 DEBUG [http-nio-8080-exec-6] r.d.c.s.impl.CalcCreditServiceImpl - Calculating interest payment: remainingDebt=125000, rate=13
2025-06-15 21:33:49 DEBUG [http-nio-8080-exec-6] r.d.c.s.impl.CalcCreditServiceImpl - Calculated interest payment: interest=1354.16
2025-06-15 21:33:49 DEBUG [http-nio-8080-exec-6] r.d.c.s.impl.CalcCreditServiceImpl - Calculating debt payment: totalPayment=11164.66, interestPayment=1354.16
2025-06-15 21:33:49 DEBUG [http-nio-8080-exec-6] r.d.c.s.impl.CalcCreditServiceImpl - Calculated debt payment: debtPayment=9810.50
2025-06-15 21:33:49 DEBUG [http-nio-8080-exec-6] r.d.c.s.impl.CalcCreditServiceImpl - Calculating remaining debt: remainingDebt=125000, debtPayment=9810.50
2025-06-15 21:33:49 DEBUG [http-nio-8080-exec-6] r.d.c.s.impl.CalcCreditServiceImpl - Calculated remaining debt: remainingDebt=115189.50
2025-06-15 21:33:49 DEBUG [http-nio-8080-exec-6] r.d.c.s.impl.CalcCreditServiceImpl - Month 7: interest=1354.16, debt=9810.50, remainingDebt=125000.00
2025-06-15 21:33:49 DEBUG [http-nio-8080-exec-6] r.d.c.s.impl.CalcCreditServiceImpl - Added schedule element: PaymentScheduleElementDto(number=7, date=2026-01-15, totalPayment=11164.66, interestPayment=1354.16, debtPayment=9810.50, remainingDebt=125000.00)
2025-06-15 21:33:49 DEBUG [http-nio-8080-exec-6] r.d.c.s.impl.CalcCreditServiceImpl - Calculating interest payment: remainingDebt=125000, rate=13
2025-06-15 21:33:49 DEBUG [http-nio-8080-exec-6] r.d.c.s.impl.CalcCreditServiceImpl - Calculated interest payment: interest=1354.16
2025-06-15 21:33:49 DEBUG [http-nio-8080-exec-6] r.d.c.s.impl.CalcCreditServiceImpl - Calculating debt payment: totalPayment=11164.66, interestPayment=1354.16
2025-06-15 21:33:49 DEBUG [http-nio-8080-exec-6] r.d.c.s.impl.CalcCreditServiceImpl - Calculated debt payment: debtPayment=9810.50
2025-06-15 21:33:49 DEBUG [http-nio-8080-exec-6] r.d.c.s.impl.CalcCreditServiceImpl - Calculating remaining debt: remainingDebt=125000, debtPayment=9810.50
2025-06-15 21:33:49 DEBUG [http-nio-8080-exec-6] r.d.c.s.impl.CalcCreditServiceImpl - Calculated remaining debt: remainingDebt=115189.50
2025-06-15 21:33:49 DEBUG [http-nio-8080-exec-6] r.d.c.s.impl.CalcCreditServiceImpl - Month 8: interest=1354.16, debt=9810.50, remainingDebt=125000.00
2025-06-15 21:33:49 DEBUG [http-nio-8080-exec-6] r.d.c.s.impl.CalcCreditServiceImpl - Added schedule element: PaymentScheduleElementDto(number=8, date=2026-02-15, totalPayment=11164.66, interestPayment=1354.16, debtPayment=9810.50, remainingDebt=125000.00)
2025-06-15 21:33:49 DEBUG [http-nio-8080-exec-6] r.d.c.s.impl.CalcCreditServiceImpl - Calculating interest payment: remainingDebt=125000, rate=13
2025-06-15 21:33:49 DEBUG [http-nio-8080-exec-6] r.d.c.s.impl.CalcCreditServiceImpl - Calculated interest payment: interest=1354.16
2025-06-15 21:33:49 DEBUG [http-nio-8080-exec-6] r.d.c.s.impl.CalcCreditServiceImpl - Calculating debt payment: totalPayment=11164.66, interestPayment=1354.16
2025-06-15 21:33:49 DEBUG [http-nio-8080-exec-6] r.d.c.s.impl.CalcCreditServiceImpl - Calculated debt payment: debtPayment=9810.50
2025-06-15 21:33:49 DEBUG [http-nio-8080-exec-6] r.d.c.s.impl.CalcCreditServiceImpl - Calculating remaining debt: remainingDebt=125000, debtPayment=9810.50
2025-06-15 21:33:49 DEBUG [http-nio-8080-exec-6] r.d.c.s.impl.CalcCreditServiceImpl - Calculated remaining debt: remainingDebt=115189.50
2025-06-15 21:33:49 DEBUG [http-nio-8080-exec-6] r.d.c.s.impl.CalcCreditServiceImpl - Month 9: interest=1354.16, debt=9810.50, remainingDebt=125000.00
2025-06-15 21:33:49 DEBUG [http-nio-8080-exec-6] r.d.c.s.impl.CalcCreditServiceImpl - Added schedule element: PaymentScheduleElementDto(number=9, date=2026-03-15, totalPayment=11164.66, interestPayment=1354.16, debtPayment=9810.50, remainingDebt=125000.00)
2025-06-15 21:33:49 DEBUG [http-nio-8080-exec-6] r.d.c.s.impl.CalcCreditServiceImpl - Calculating interest payment: remainingDebt=125000, rate=13
2025-06-15 21:33:49 DEBUG [http-nio-8080-exec-6] r.d.c.s.impl.CalcCreditServiceImpl - Calculated interest payment: interest=1354.16
2025-06-15 21:33:49 DEBUG [http-nio-8080-exec-6] r.d.c.s.impl.CalcCreditServiceImpl - Calculating debt payment: totalPayment=11164.66, interestPayment=1354.16
2025-06-15 21:33:49 DEBUG [http-nio-8080-exec-6] r.d.c.s.impl.CalcCreditServiceImpl - Calculated debt payment: debtPayment=9810.50
2025-06-15 21:33:49 DEBUG [http-nio-8080-exec-6] r.d.c.s.impl.CalcCreditServiceImpl - Calculating remaining debt: remainingDebt=125000, debtPayment=9810.50
2025-06-15 21:33:49 DEBUG [http-nio-8080-exec-6] r.d.c.s.impl.CalcCreditServiceImpl - Calculated remaining debt: remainingDebt=115189.50
2025-06-15 21:33:49 DEBUG [http-nio-8080-exec-6] r.d.c.s.impl.CalcCreditServiceImpl - Month 10: interest=1354.16, debt=9810.50, remainingDebt=125000.00
2025-06-15 21:33:49 DEBUG [http-nio-8080-exec-6] r.d.c.s.impl.CalcCreditServiceImpl - Added schedule element: PaymentScheduleElementDto(number=10, date=2026-04-15, totalPayment=11164.66, interestPayment=1354.16, debtPayment=9810.50, remainingDebt=125000.00)
2025-06-15 21:33:49 DEBUG [http-nio-8080-exec-6] r.d.c.s.impl.CalcCreditServiceImpl - Calculating interest payment: remainingDebt=125000, rate=13
2025-06-15 21:33:49 DEBUG [http-nio-8080-exec-6] r.d.c.s.impl.CalcCreditServiceImpl - Calculated interest payment: interest=1354.16
2025-06-15 21:33:49 DEBUG [http-nio-8080-exec-6] r.d.c.s.impl.CalcCreditServiceImpl - Calculating debt payment: totalPayment=11164.66, interestPayment=1354.16
2025-06-15 21:33:49 DEBUG [http-nio-8080-exec-6] r.d.c.s.impl.CalcCreditServiceImpl - Calculated debt payment: debtPayment=9810.50
2025-06-15 21:33:49 DEBUG [http-nio-8080-exec-6] r.d.c.s.impl.CalcCreditServiceImpl - Calculating remaining debt: remainingDebt=125000, debtPayment=9810.50
2025-06-15 21:33:49 DEBUG [http-nio-8080-exec-6] r.d.c.s.impl.CalcCreditServiceImpl - Calculated remaining debt: remainingDebt=115189.50
2025-06-15 21:33:49 DEBUG [http-nio-8080-exec-6] r.d.c.s.impl.CalcCreditServiceImpl - Month 11: interest=1354.16, debt=9810.50, remainingDebt=125000.00
2025-06-15 21:33:49 DEBUG [http-nio-8080-exec-6] r.d.c.s.impl.CalcCreditServiceImpl - Added schedule element: PaymentScheduleElementDto(number=11, date=2026-05-15, totalPayment=11164.66, interestPayment=1354.16, debtPayment=9810.50, remainingDebt=125000.00)
2025-06-15 21:33:49 DEBUG [http-nio-8080-exec-6] r.d.c.s.impl.CalcCreditServiceImpl - Calculating interest payment: remainingDebt=125000, rate=13
2025-06-15 21:33:49 DEBUG [http-nio-8080-exec-6] r.d.c.s.impl.CalcCreditServiceImpl - Calculated interest payment: interest=1354.16
2025-06-15 21:33:49 DEBUG [http-nio-8080-exec-6] r.d.c.s.impl.CalcCreditServiceImpl - Calculating debt payment: totalPayment=11164.66, interestPayment=1354.16
2025-06-15 21:33:49 DEBUG [http-nio-8080-exec-6] r.d.c.s.impl.CalcCreditServiceImpl - Calculated debt payment: debtPayment=9810.50
2025-06-15 21:33:49 DEBUG [http-nio-8080-exec-6] r.d.c.s.impl.CalcCreditServiceImpl - Calculating remaining debt: remainingDebt=125000, debtPayment=9810.50
2025-06-15 21:33:49 DEBUG [http-nio-8080-exec-6] r.d.c.s.impl.CalcCreditServiceImpl - Calculated remaining debt: remainingDebt=115189.50
2025-06-15 21:33:49 DEBUG [http-nio-8080-exec-6] r.d.c.s.impl.CalcCreditServiceImpl - Month 12: interest=1354.16, debt=9810.50, remainingDebt=125000.00
2025-06-15 21:33:49 DEBUG [http-nio-8080-exec-6] r.d.c.s.impl.CalcCreditServiceImpl - Total payment by element: 136164.66
2025-06-15 21:33:49 DEBUG [http-nio-8080-exec-6] r.d.c.s.impl.CalcCreditServiceImpl - Added schedule element: PaymentScheduleElementDto(number=12, date=2026-06-15, totalPayment=136164.66, interestPayment=1354.16, debtPayment=9810.50, remainingDebt=0.00)
2025-06-15 21:33:49 DEBUG [http-nio-8080-exec-6] r.d.c.s.impl.CalcCreditServiceImpl - Calculated payment schedule for credit: [PaymentScheduleElementDto(number=1, date=2025-07-15, totalPayment=11164.66, interestPayment=1354.16, debtPayment=9810.50, remainingDebt=125000.00), PaymentScheduleElementDto(number=2, date=2025-08-15, totalPayment=11164.66, interestPayment=1354.16, debtPayment=9810.50, remainingDebt=125000.00), PaymentScheduleElementDto(number=3, date=2025-09-15, totalPayment=11164.66, interestPayment=1354.16, debtPayment=9810.50, remainingDebt=125000.00), PaymentScheduleElementDto(number=4, date=2025-10-15, totalPayment=11164.66, interestPayment=1354.16, debtPayment=9810.50, remainingDebt=125000.00), PaymentScheduleElementDto(number=5, date=2025-11-15, totalPayment=11164.66, interestPayment=1354.16, debtPayment=9810.50, remainingDebt=125000.00), PaymentScheduleElementDto(number=6, date=2025-12-15, totalPayment=11164.66, interestPayment=1354.16, debtPayment=9810.50, remainingDebt=125000.00), PaymentScheduleElementDto(number=7, date=2026-01-15, totalPayment=11164.66, interestPayment=1354.16, debtPayment=9810.50, remainingDebt=125000.00), PaymentScheduleElementDto(number=8, date=2026-02-15, totalPayment=11164.66, interestPayment=1354.16, debtPayment=9810.50, remainingDebt=125000.00), PaymentScheduleElementDto(number=9, date=2026-03-15, totalPayment=11164.66, interestPayment=1354.16, debtPayment=9810.50, remainingDebt=125000.00), PaymentScheduleElementDto(number=10, date=2026-04-15, totalPayment=11164.66, interestPayment=1354.16, debtPayment=9810.50, remainingDebt=125000.00), PaymentScheduleElementDto(number=11, date=2026-05-15, totalPayment=11164.66, interestPayment=1354.16, debtPayment=9810.50, remainingDebt=125000.00), PaymentScheduleElementDto(number=12, date=2026-06-15, totalPayment=136164.66, interestPayment=1354.16, debtPayment=9810.50, remainingDebt=0.00)]
2025-06-15 21:33:49 DEBUG [http-nio-8080-exec-6] r.d.c.s.impl.CalcCreditServiceImpl - Credit dto created CreditDto(amount=125000, term=12, monthlyPayment=11164.66, rate=13, psk=409500.00, isInsuranceEnabled=true, isSalaryClient=true, paymentSchedule=[PaymentScheduleElementDto(number=1, date=2025-07-15, totalPayment=11164.66, interestPayment=1354.16, debtPayment=9810.50, remainingDebt=125000.00), PaymentScheduleElementDto(number=2, date=2025-08-15, totalPayment=11164.66, interestPayment=1354.16, debtPayment=9810.50, remainingDebt=125000.00), PaymentScheduleElementDto(number=3, date=2025-09-15, totalPayment=11164.66, interestPayment=1354.16, debtPayment=9810.50, remainingDebt=125000.00), PaymentScheduleElementDto(number=4, date=2025-10-15, totalPayment=11164.66, interestPayment=1354.16, debtPayment=9810.50, remainingDebt=125000.00), PaymentScheduleElementDto(number=5, date=2025-11-15, totalPayment=11164.66, interestPayment=1354.16, debtPayment=9810.50, remainingDebt=125000.00), PaymentScheduleElementDto(number=6, date=2025-12-15, totalPayment=11164.66, interestPayment=1354.16, debtPayment=9810.50, remainingDebt=125000.00), PaymentScheduleElementDto(number=7, date=2026-01-15, totalPayment=11164.66, interestPayment=1354.16, debtPayment=9810.50, remainingDebt=125000.00), PaymentScheduleElementDto(number=8, date=2026-02-15, totalPayment=11164.66, interestPayment=1354.16, debtPayment=9810.50, remainingDebt=125000.00), PaymentScheduleElementDto(number=9, date=2026-03-15, totalPayment=11164.66, interestPayment=1354.16, debtPayment=9810.50, remainingDebt=125000.00), PaymentScheduleElementDto(number=10, date=2026-04-15, totalPayment=11164.66, interestPayment=1354.16, debtPayment=9810.50, remainingDebt=125000.00), PaymentScheduleElementDto(number=11, date=2026-05-15, totalPayment=11164.66, interestPayment=1354.16, debtPayment=9810.50, remainingDebt=125000.00), PaymentScheduleElementDto(number=12, date=2026-06-15, totalPayment=136164.66, interestPayment=1354.16, debtPayment=9810.50, remainingDebt=0.00)])
2025-06-15 21:33:49 DEBUG [http-nio-8080-exec-6] r.d.c.s.impl.CalcCreditServiceImpl - Calculated credit CreditDto(amount=125000, term=12, monthlyPayment=11164.66, rate=13, psk=409500.00, isInsuranceEnabled=true, isSalaryClient=true, paymentSchedule=[PaymentScheduleElementDto(number=1, date=2025-07-15, totalPayment=11164.66, interestPayment=1354.16, debtPayment=9810.50, remainingDebt=125000.00), PaymentScheduleElementDto(number=2, date=2025-08-15, totalPayment=11164.66, interestPayment=1354.16, debtPayment=9810.50, remainingDebt=125000.00), PaymentScheduleElementDto(number=3, date=2025-09-15, totalPayment=11164.66, interestPayment=1354.16, debtPayment=9810.50, remainingDebt=125000.00), PaymentScheduleElementDto(number=4, date=2025-10-15, totalPayment=11164.66, interestPayment=1354.16, debtPayment=9810.50, remainingDebt=125000.00), PaymentScheduleElementDto(number=5, date=2025-11-15, totalPayment=11164.66, interestPayment=1354.16, debtPayment=9810.50, remainingDebt=125000.00), PaymentScheduleElementDto(number=6, date=2025-12-15, totalPayment=11164.66, interestPayment=1354.16, debtPayment=9810.50, remainingDebt=125000.00), PaymentScheduleElementDto(number=7, date=2026-01-15, totalPayment=11164.66, interestPayment=1354.16, debtPayment=9810.50, remainingDebt=125000.00), PaymentScheduleElementDto(number=8, date=2026-02-15, totalPayment=11164.66, interestPayment=1354.16, debtPayment=9810.50, remainingDebt=125000.00), PaymentScheduleElementDto(number=9, date=2026-03-15, totalPayment=11164.66, interestPayment=1354.16, debtPayment=9810.50, remainingDebt=125000.00), PaymentScheduleElementDto(number=10, date=2026-04-15, totalPayment=11164.66, interestPayment=1354.16, debtPayment=9810.50, remainingDebt=125000.00), PaymentScheduleElementDto(number=11, date=2026-05-15, totalPayment=11164.66, interestPayment=1354.16, debtPayment=9810.50, remainingDebt=125000.00), PaymentScheduleElementDto(number=12, date=2026-06-15, totalPayment=136164.66, interestPayment=1354.16, debtPayment=9810.50, remainingDebt=0.00)])
2025-06-15 21:33:49 INFO  [http-nio-8080-exec-6] r.d.c.c.CalculatorController - Response for credit creation request: <200 OK OK,CreditDto(amount=125000, term=12, monthlyPayment=11164.66, rate=13, psk=409500.00, isInsuranceEnabled=true, isSalaryClient=true, paymentSchedule=[PaymentScheduleElementDto(number=1, date=2025-07-15, totalPayment=11164.66, interestPayment=1354.16, debtPayment=9810.50, remainingDebt=125000.00), PaymentScheduleElementDto(number=2, date=2025-08-15, totalPayment=11164.66, interestPayment=1354.16, debtPayment=9810.50, remainingDebt=125000.00), PaymentScheduleElementDto(number=3, date=2025-09-15, totalPayment=11164.66, interestPayment=1354.16, debtPayment=9810.50, remainingDebt=125000.00), PaymentScheduleElementDto(number=4, date=2025-10-15, totalPayment=11164.66, interestPayment=1354.16, debtPayment=9810.50, remainingDebt=125000.00), PaymentScheduleElementDto(number=5, date=2025-11-15, totalPayment=11164.66, interestPayment=1354.16, debtPayment=9810.50, remainingDebt=125000.00), PaymentScheduleElementDto(number=6, date=2025-12-15, totalPayment=11164.66, interestPayment=1354.16, debtPayment=9810.50, remainingDebt=125000.00), PaymentScheduleElementDto(number=7, date=2026-01-15, totalPayment=11164.66, interestPayment=1354.16, debtPayment=9810.50, remainingDebt=125000.00), PaymentScheduleElementDto(number=8, date=2026-02-15, totalPayment=11164.66, interestPayment=1354.16, debtPayment=9810.50, remainingDebt=125000.00), PaymentScheduleElementDto(number=9, date=2026-03-15, totalPayment=11164.66, interestPayment=1354.16, debtPayment=9810.50, remainingDebt=125000.00), PaymentScheduleElementDto(number=10, date=2026-04-15, totalPayment=11164.66, interestPayment=1354.16, debtPayment=9810.50, remainingDebt=125000.00), PaymentScheduleElementDto(number=11, date=2026-05-15, totalPayment=11164.66, interestPayment=1354.16, debtPayment=9810.50, remainingDebt=125000.00), PaymentScheduleElementDto(number=12, date=2026-06-15, totalPayment=136164.66, interestPayment=1354.16, debtPayment=9810.50, remainingDebt=0.00)]),[]>
2025-06-15 21:34:17 INFO  [http-nio-8080-exec-8] r.d.c.c.CalculatorController - Received loan offers request: LoanStatementRequestDto(amount=25000, term=8, firstName=Coul, lastName=Rust, middleName=Jackson, email=coul@example.com, birthdate=2003-01-01, passportSeries=1234, passportNumber=567890)
2025-06-15 21:34:17 DEBUG [http-nio-8080-exec-8] r.d.c.s.i.CalcLoanOfferServiceImpl - Calculating loan offers LoanStatementRequestDto(amount=25000, term=8, firstName=Coul, lastName=Rust, middleName=Jackson, email=coul@example.com, birthdate=2003-01-01, passportSeries=1234, passportNumber=567890)
2025-06-15 21:34:17 DEBUG [http-nio-8080-exec-8] r.d.c.s.i.CalcLoanOfferServiceImpl - Creating loan offer: loanStatementRequest=LoanStatementRequestDto(amount=25000, term=8, firstName=Coul, lastName=Rust, middleName=Jackson, email=coul@example.com, birthdate=2003-01-01, passportSeries=1234, passportNumber=567890), isInsuranceEnabled=false, isSalaryClient=false
2025-06-15 21:34:17 DEBUG [http-nio-8080-exec-8] r.d.c.s.i.CalcLoanOfferServiceImpl - Setting loanAmount: 25000
2025-06-15 21:34:17 DEBUG [http-nio-8080-exec-8] r.d.c.s.LoanCalculatorComponent - Adjusting rate depending on settings: isInsuranceEnabled=false,  isSalaryClient=false
2025-06-15 21:34:17 DEBUG [http-nio-8080-exec-8] r.d.c.s.LoanCalculatorComponent - Calculated rate: rate=20
2025-06-15 21:34:17 DEBUG [http-nio-8080-exec-8] r.d.c.s.i.CalcLoanOfferServiceImpl - Calculated rate: 20
2025-06-15 21:34:17 DEBUG [http-nio-8080-exec-8] r.d.c.s.LoanCalculatorComponent - Calculating principal: amount=25000, isInsuranceEnabled=false
2025-06-15 21:34:17 DEBUG [http-nio-8080-exec-8] r.d.c.s.LoanCalculatorComponent - Calculated amount: amount=25000
2025-06-15 21:34:17 DEBUG [http-nio-8080-exec-8] r.d.c.s.i.CalcLoanOfferServiceImpl - Calculated principal: 25000
2025-06-15 21:34:17 DEBUG [http-nio-8080-exec-8] r.d.c.s.LoanCalculatorComponent - Calculating annuity monthly payment: loanAmount=25000, rate=20, term=8
2025-06-15 21:34:17 DEBUG [http-nio-8080-exec-8] r.d.c.s.LoanCalculatorComponent - Calculated monthly payment: 3363.89
2025-06-15 21:34:17 DEBUG [http-nio-8080-exec-8] r.d.c.s.i.CalcLoanOfferServiceImpl - Calculated monthly payment: 3363.89
2025-06-15 21:34:17 DEBUG [http-nio-8080-exec-8] r.d.c.s.LoanCalculatorComponent - Calculating total amount: monthlyPayment=3363.89, term=8
2025-06-15 21:34:17 DEBUG [http-nio-8080-exec-8] r.d.c.s.LoanCalculatorComponent - Calculated total amount: totalAmount=26911.12
2025-06-15 21:34:17 DEBUG [http-nio-8080-exec-8] r.d.c.s.i.CalcLoanOfferServiceImpl - Calculated totalAmount: 26911.12
2025-06-15 21:34:17 DEBUG [http-nio-8080-exec-8] r.d.c.s.i.CalcLoanOfferServiceImpl - Calculated loan offer: LoanOfferDto(statementId=9963fd61-ca89-4e9d-9069-6f22783de983, requestedAmount=25000, totalAmount=26911.12, term=8, monthlyPayment=3363.89, rate=20, isInsuranceEnabled=false, isSalaryClient=false)
2025-06-15 21:34:17 DEBUG [http-nio-8080-exec-8] r.d.c.s.i.CalcLoanOfferServiceImpl - Creating loan offer: loanStatementRequest=LoanStatementRequestDto(amount=25000, term=8, firstName=Coul, lastName=Rust, middleName=Jackson, email=coul@example.com, birthdate=2003-01-01, passportSeries=1234, passportNumber=567890), isInsuranceEnabled=false, isSalaryClient=true
2025-06-15 21:34:17 DEBUG [http-nio-8080-exec-8] r.d.c.s.i.CalcLoanOfferServiceImpl - Setting loanAmount: 25000
2025-06-15 21:34:17 DEBUG [http-nio-8080-exec-8] r.d.c.s.LoanCalculatorComponent - Adjusting rate depending on settings: isInsuranceEnabled=false,  isSalaryClient=true
2025-06-15 21:34:17 DEBUG [http-nio-8080-exec-8] r.d.c.s.LoanCalculatorComponent - Calculating  rate by SALARY_CLIENT_DISCOUNT: rate=19
2025-06-15 21:34:17 DEBUG [http-nio-8080-exec-8] r.d.c.s.LoanCalculatorComponent - Calculated rate: rate=19
2025-06-15 21:34:17 DEBUG [http-nio-8080-exec-8] r.d.c.s.i.CalcLoanOfferServiceImpl - Calculated rate: 19
2025-06-15 21:34:17 DEBUG [http-nio-8080-exec-8] r.d.c.s.LoanCalculatorComponent - Calculating principal: amount=25000, isInsuranceEnabled=false
2025-06-15 21:34:17 DEBUG [http-nio-8080-exec-8] r.d.c.s.LoanCalculatorComponent - Calculated amount: amount=25000
2025-06-15 21:34:17 DEBUG [http-nio-8080-exec-8] r.d.c.s.i.CalcLoanOfferServiceImpl - Calculated principal: 25000
2025-06-15 21:34:17 DEBUG [http-nio-8080-exec-8] r.d.c.s.LoanCalculatorComponent - Calculating annuity monthly payment: loanAmount=25000, rate=19, term=8
2025-06-15 21:34:17 DEBUG [http-nio-8080-exec-8] r.d.c.s.LoanCalculatorComponent - Calculated monthly payment: 3351.74
2025-06-15 21:34:17 DEBUG [http-nio-8080-exec-8] r.d.c.s.i.CalcLoanOfferServiceImpl - Calculated monthly payment: 3351.74
2025-06-15 21:34:17 DEBUG [http-nio-8080-exec-8] r.d.c.s.LoanCalculatorComponent - Calculating total amount: monthlyPayment=3351.74, term=8
2025-06-15 21:34:17 DEBUG [http-nio-8080-exec-8] r.d.c.s.LoanCalculatorComponent - Calculated total amount: totalAmount=26813.92
2025-06-15 21:34:17 DEBUG [http-nio-8080-exec-8] r.d.c.s.i.CalcLoanOfferServiceImpl - Calculated totalAmount: 26813.92
2025-06-15 21:34:17 DEBUG [http-nio-8080-exec-8] r.d.c.s.i.CalcLoanOfferServiceImpl - Calculated loan offer: LoanOfferDto(statementId=6ae755de-4214-45fe-86ac-597d2e9aaffd, requestedAmount=25000, totalAmount=26813.92, term=8, monthlyPayment=3351.74, rate=19, isInsuranceEnabled=false, isSalaryClient=true)
2025-06-15 21:34:17 DEBUG [http-nio-8080-exec-8] r.d.c.s.i.CalcLoanOfferServiceImpl - Creating loan offer: loanStatementRequest=LoanStatementRequestDto(amount=25000, term=8, firstName=Coul, lastName=Rust, middleName=Jackson, email=coul@example.com, birthdate=2003-01-01, passportSeries=1234, passportNumber=567890), isInsuranceEnabled=true, isSalaryClient=false
2025-06-15 21:34:17 DEBUG [http-nio-8080-exec-8] r.d.c.s.i.CalcLoanOfferServiceImpl - Setting loanAmount: 25000
2025-06-15 21:34:17 DEBUG [http-nio-8080-exec-8] r.d.c.s.LoanCalculatorComponent - Adjusting rate depending on settings: isInsuranceEnabled=true,  isSalaryClient=false
2025-06-15 21:34:17 DEBUG [http-nio-8080-exec-8] r.d.c.s.LoanCalculatorComponent - Calculating  rate by INSURANCE_DISCOUNT: rate=17
2025-06-15 21:34:17 DEBUG [http-nio-8080-exec-8] r.d.c.s.LoanCalculatorComponent - Calculated rate: rate=17
2025-06-15 21:34:17 DEBUG [http-nio-8080-exec-8] r.d.c.s.i.CalcLoanOfferServiceImpl - Calculated rate: 17
2025-06-15 21:34:17 DEBUG [http-nio-8080-exec-8] r.d.c.s.LoanCalculatorComponent - Calculating principal: amount=25000, isInsuranceEnabled=true
2025-06-15 21:34:17 DEBUG [http-nio-8080-exec-8] r.d.c.s.LoanCalculatorComponent - Increased amount: amount=125000
2025-06-15 21:34:17 DEBUG [http-nio-8080-exec-8] r.d.c.s.i.CalcLoanOfferServiceImpl - Calculated principal: 125000
2025-06-15 21:34:17 DEBUG [http-nio-8080-exec-8] r.d.c.s.LoanCalculatorComponent - Calculating annuity monthly payment: loanAmount=125000, rate=17, term=8
2025-06-15 21:34:17 DEBUG [http-nio-8080-exec-8] r.d.c.s.LoanCalculatorComponent - Calculated monthly payment: 16637.44
2025-06-15 21:34:17 DEBUG [http-nio-8080-exec-8] r.d.c.s.i.CalcLoanOfferServiceImpl - Calculated monthly payment: 16637.44
2025-06-15 21:34:17 DEBUG [http-nio-8080-exec-8] r.d.c.s.LoanCalculatorComponent - Calculating total amount: monthlyPayment=16637.44, term=8
2025-06-15 21:34:17 DEBUG [http-nio-8080-exec-8] r.d.c.s.LoanCalculatorComponent - Calculated total amount: totalAmount=133099.52
2025-06-15 21:34:17 DEBUG [http-nio-8080-exec-8] r.d.c.s.i.CalcLoanOfferServiceImpl - Calculated totalAmount: 133099.52
2025-06-15 21:34:17 DEBUG [http-nio-8080-exec-8] r.d.c.s.i.CalcLoanOfferServiceImpl - Calculated loan offer: LoanOfferDto(statementId=1eb80505-23f4-46f3-90a3-59aea51f05b1, requestedAmount=25000, totalAmount=133099.52, term=8, monthlyPayment=16637.44, rate=17, isInsuranceEnabled=true, isSalaryClient=false)
2025-06-15 21:34:17 DEBUG [http-nio-8080-exec-8] r.d.c.s.i.CalcLoanOfferServiceImpl - Creating loan offer: loanStatementRequest=LoanStatementRequestDto(amount=25000, term=8, firstName=Coul, lastName=Rust, middleName=Jackson, email=coul@example.com, birthdate=2003-01-01, passportSeries=1234, passportNumber=567890), isInsuranceEnabled=true, isSalaryClient=true
2025-06-15 21:34:17 DEBUG [http-nio-8080-exec-8] r.d.c.s.i.CalcLoanOfferServiceImpl - Setting loanAmount: 25000
2025-06-15 21:34:17 DEBUG [http-nio-8080-exec-8] r.d.c.s.LoanCalculatorComponent - Adjusting rate depending on settings: isInsuranceEnabled=true,  isSalaryClient=true
2025-06-15 21:34:17 DEBUG [http-nio-8080-exec-8] r.d.c.s.LoanCalculatorComponent - Calculating  rate by INSURANCE_DISCOUNT: rate=17
2025-06-15 21:34:17 DEBUG [http-nio-8080-exec-8] r.d.c.s.LoanCalculatorComponent - Calculating  rate by SALARY_CLIENT_DISCOUNT: rate=16
2025-06-15 21:34:17 DEBUG [http-nio-8080-exec-8] r.d.c.s.LoanCalculatorComponent - Calculated rate: rate=16
2025-06-15 21:34:17 DEBUG [http-nio-8080-exec-8] r.d.c.s.i.CalcLoanOfferServiceImpl - Calculated rate: 16
2025-06-15 21:34:17 DEBUG [http-nio-8080-exec-8] r.d.c.s.LoanCalculatorComponent - Calculating principal: amount=25000, isInsuranceEnabled=true
2025-06-15 21:34:17 DEBUG [http-nio-8080-exec-8] r.d.c.s.LoanCalculatorComponent - Increased amount: amount=125000
2025-06-15 21:34:17 DEBUG [http-nio-8080-exec-8] r.d.c.s.i.CalcLoanOfferServiceImpl - Calculated principal: 125000
2025-06-15 21:34:17 DEBUG [http-nio-8080-exec-8] r.d.c.s.LoanCalculatorComponent - Calculating annuity monthly payment: loanAmount=125000, rate=16, term=8
2025-06-15 21:34:17 DEBUG [http-nio-8080-exec-8] r.d.c.s.LoanCalculatorComponent - Calculated monthly payment: 16576.98
2025-06-15 21:34:17 DEBUG [http-nio-8080-exec-8] r.d.c.s.i.CalcLoanOfferServiceImpl - Calculated monthly payment: 16576.98
2025-06-15 21:34:17 DEBUG [http-nio-8080-exec-8] r.d.c.s.LoanCalculatorComponent - Calculating total amount: monthlyPayment=16576.98, term=8
2025-06-15 21:34:17 DEBUG [http-nio-8080-exec-8] r.d.c.s.LoanCalculatorComponent - Calculated total amount: totalAmount=132615.84
2025-06-15 21:34:17 DEBUG [http-nio-8080-exec-8] r.d.c.s.i.CalcLoanOfferServiceImpl - Calculated totalAmount: 132615.84
2025-06-15 21:34:17 DEBUG [http-nio-8080-exec-8] r.d.c.s.i.CalcLoanOfferServiceImpl - Calculated loan offer: LoanOfferDto(statementId=4b019c4e-1514-4631-8c20-c2eb60f54f9b, requestedAmount=25000, totalAmount=132615.84, term=8, monthlyPayment=16576.98, rate=16, isInsuranceEnabled=true, isSalaryClient=true)
2025-06-15 21:34:17 DEBUG [http-nio-8080-exec-8] r.d.c.s.i.CalcLoanOfferServiceImpl - Calculated list of loan offers [LoanOfferDto(statementId=9963fd61-ca89-4e9d-9069-6f22783de983, requestedAmount=25000, totalAmount=26911.12, term=8, monthlyPayment=3363.89, rate=20, isInsuranceEnabled=false, isSalaryClient=false), LoanOfferDto(statementId=6ae755de-4214-45fe-86ac-597d2e9aaffd, requestedAmount=25000, totalAmount=26813.92, term=8, monthlyPayment=3351.74, rate=19, isInsuranceEnabled=false, isSalaryClient=true), LoanOfferDto(statementId=1eb80505-23f4-46f3-90a3-59aea51f05b1, requestedAmount=25000, totalAmount=133099.52, term=8, monthlyPayment=16637.44, rate=17, isInsuranceEnabled=true, isSalaryClient=false), LoanOfferDto(statementId=4b019c4e-1514-4631-8c20-c2eb60f54f9b, requestedAmount=25000, totalAmount=132615.84, term=8, monthlyPayment=16576.98, rate=16, isInsuranceEnabled=true, isSalaryClient=true)]
2025-06-15 21:34:17 INFO  [http-nio-8080-exec-8] r.d.c.c.CalculatorController - Response for loan offers request <200 OK OK,[LoanOfferDto(statementId=9963fd61-ca89-4e9d-9069-6f22783de983, requestedAmount=25000, totalAmount=26911.12, term=8, monthlyPayment=3363.89, rate=20, isInsuranceEnabled=false, isSalaryClient=false), LoanOfferDto(statementId=6ae755de-4214-45fe-86ac-597d2e9aaffd, requestedAmount=25000, totalAmount=26813.92, term=8, monthlyPayment=3351.74, rate=19, isInsuranceEnabled=false, isSalaryClient=true), LoanOfferDto(statementId=1eb80505-23f4-46f3-90a3-59aea51f05b1, requestedAmount=25000, totalAmount=133099.52, term=8, monthlyPayment=16637.44, rate=17, isInsuranceEnabled=true, isSalaryClient=false), LoanOfferDto(statementId=4b019c4e-1514-4631-8c20-c2eb60f54f9b, requestedAmount=25000, totalAmount=132615.84, term=8, monthlyPayment=16576.98, rate=16, isInsuranceEnabled=true, isSalaryClient=true)],[]>
2025-06-15 21:34:20 INFO  [http-nio-8080-exec-9] r.d.c.c.CalculatorController - Received loan offers request: LoanStatementRequestDto(amount=25000, term=8, firstName=Coul, lastName=Rust, middleName=Jackson, email=coul@example.com, birthdate=2003-01-01, passportSeries=1234, passportNumber=567890)
2025-06-15 21:34:20 DEBUG [http-nio-8080-exec-9] r.d.c.s.i.CalcLoanOfferServiceImpl - Calculating loan offers LoanStatementRequestDto(amount=25000, term=8, firstName=Coul, lastName=Rust, middleName=Jackson, email=coul@example.com, birthdate=2003-01-01, passportSeries=1234, passportNumber=567890)
2025-06-15 21:34:20 DEBUG [http-nio-8080-exec-9] r.d.c.s.i.CalcLoanOfferServiceImpl - Creating loan offer: loanStatementRequest=LoanStatementRequestDto(amount=25000, term=8, firstName=Coul, lastName=Rust, middleName=Jackson, email=coul@example.com, birthdate=2003-01-01, passportSeries=1234, passportNumber=567890), isInsuranceEnabled=false, isSalaryClient=false
2025-06-15 21:34:20 DEBUG [http-nio-8080-exec-9] r.d.c.s.i.CalcLoanOfferServiceImpl - Setting loanAmount: 25000
2025-06-15 21:34:20 DEBUG [http-nio-8080-exec-9] r.d.c.s.LoanCalculatorComponent - Adjusting rate depending on settings: isInsuranceEnabled=false,  isSalaryClient=false
2025-06-15 21:34:20 DEBUG [http-nio-8080-exec-9] r.d.c.s.LoanCalculatorComponent - Calculated rate: rate=20
2025-06-15 21:34:20 DEBUG [http-nio-8080-exec-9] r.d.c.s.i.CalcLoanOfferServiceImpl - Calculated rate: 20
2025-06-15 21:34:20 DEBUG [http-nio-8080-exec-9] r.d.c.s.LoanCalculatorComponent - Calculating principal: amount=25000, isInsuranceEnabled=false
2025-06-15 21:34:20 DEBUG [http-nio-8080-exec-9] r.d.c.s.LoanCalculatorComponent - Calculated amount: amount=25000
2025-06-15 21:34:20 DEBUG [http-nio-8080-exec-9] r.d.c.s.i.CalcLoanOfferServiceImpl - Calculated principal: 25000
2025-06-15 21:34:20 DEBUG [http-nio-8080-exec-9] r.d.c.s.LoanCalculatorComponent - Calculating annuity monthly payment: loanAmount=25000, rate=20, term=8
2025-06-15 21:34:20 DEBUG [http-nio-8080-exec-9] r.d.c.s.LoanCalculatorComponent - Calculated monthly payment: 3363.89
2025-06-15 21:34:20 DEBUG [http-nio-8080-exec-9] r.d.c.s.i.CalcLoanOfferServiceImpl - Calculated monthly payment: 3363.89
2025-06-15 21:34:20 DEBUG [http-nio-8080-exec-9] r.d.c.s.LoanCalculatorComponent - Calculating total amount: monthlyPayment=3363.89, term=8
2025-06-15 21:34:20 DEBUG [http-nio-8080-exec-9] r.d.c.s.LoanCalculatorComponent - Calculated total amount: totalAmount=26911.12
2025-06-15 21:34:20 DEBUG [http-nio-8080-exec-9] r.d.c.s.i.CalcLoanOfferServiceImpl - Calculated totalAmount: 26911.12
2025-06-15 21:34:20 DEBUG [http-nio-8080-exec-9] r.d.c.s.i.CalcLoanOfferServiceImpl - Calculated loan offer: LoanOfferDto(statementId=d75e8384-9269-4d0a-bd38-7d76f80f9ec7, requestedAmount=25000, totalAmount=26911.12, term=8, monthlyPayment=3363.89, rate=20, isInsuranceEnabled=false, isSalaryClient=false)
2025-06-15 21:34:20 DEBUG [http-nio-8080-exec-9] r.d.c.s.i.CalcLoanOfferServiceImpl - Creating loan offer: loanStatementRequest=LoanStatementRequestDto(amount=25000, term=8, firstName=Coul, lastName=Rust, middleName=Jackson, email=coul@example.com, birthdate=2003-01-01, passportSeries=1234, passportNumber=567890), isInsuranceEnabled=false, isSalaryClient=true
2025-06-15 21:34:20 DEBUG [http-nio-8080-exec-9] r.d.c.s.i.CalcLoanOfferServiceImpl - Setting loanAmount: 25000
2025-06-15 21:34:20 DEBUG [http-nio-8080-exec-9] r.d.c.s.LoanCalculatorComponent - Adjusting rate depending on settings: isInsuranceEnabled=false,  isSalaryClient=true
2025-06-15 21:34:20 DEBUG [http-nio-8080-exec-9] r.d.c.s.LoanCalculatorComponent - Calculating  rate by SALARY_CLIENT_DISCOUNT: rate=19
2025-06-15 21:34:20 DEBUG [http-nio-8080-exec-9] r.d.c.s.LoanCalculatorComponent - Calculated rate: rate=19
2025-06-15 21:34:20 DEBUG [http-nio-8080-exec-9] r.d.c.s.i.CalcLoanOfferServiceImpl - Calculated rate: 19
2025-06-15 21:34:20 DEBUG [http-nio-8080-exec-9] r.d.c.s.LoanCalculatorComponent - Calculating principal: amount=25000, isInsuranceEnabled=false
2025-06-15 21:34:20 DEBUG [http-nio-8080-exec-9] r.d.c.s.LoanCalculatorComponent - Calculated amount: amount=25000
2025-06-15 21:34:20 DEBUG [http-nio-8080-exec-9] r.d.c.s.i.CalcLoanOfferServiceImpl - Calculated principal: 25000
2025-06-15 21:34:20 DEBUG [http-nio-8080-exec-9] r.d.c.s.LoanCalculatorComponent - Calculating annuity monthly payment: loanAmount=25000, rate=19, term=8
2025-06-15 21:34:20 DEBUG [http-nio-8080-exec-9] r.d.c.s.LoanCalculatorComponent - Calculated monthly payment: 3351.74
2025-06-15 21:34:20 DEBUG [http-nio-8080-exec-9] r.d.c.s.i.CalcLoanOfferServiceImpl - Calculated monthly payment: 3351.74
2025-06-15 21:34:20 DEBUG [http-nio-8080-exec-9] r.d.c.s.LoanCalculatorComponent - Calculating total amount: monthlyPayment=3351.74, term=8
2025-06-15 21:34:20 DEBUG [http-nio-8080-exec-9] r.d.c.s.LoanCalculatorComponent - Calculated total amount: totalAmount=26813.92
2025-06-15 21:34:20 DEBUG [http-nio-8080-exec-9] r.d.c.s.i.CalcLoanOfferServiceImpl - Calculated totalAmount: 26813.92
2025-06-15 21:34:20 DEBUG [http-nio-8080-exec-9] r.d.c.s.i.CalcLoanOfferServiceImpl - Calculated loan offer: LoanOfferDto(statementId=5d9343e2-3e8d-41a7-b4c0-059b75c55b66, requestedAmount=25000, totalAmount=26813.92, term=8, monthlyPayment=3351.74, rate=19, isInsuranceEnabled=false, isSalaryClient=true)
2025-06-15 21:34:20 DEBUG [http-nio-8080-exec-9] r.d.c.s.i.CalcLoanOfferServiceImpl - Creating loan offer: loanStatementRequest=LoanStatementRequestDto(amount=25000, term=8, firstName=Coul, lastName=Rust, middleName=Jackson, email=coul@example.com, birthdate=2003-01-01, passportSeries=1234, passportNumber=567890), isInsuranceEnabled=true, isSalaryClient=false
2025-06-15 21:34:20 DEBUG [http-nio-8080-exec-9] r.d.c.s.i.CalcLoanOfferServiceImpl - Setting loanAmount: 25000
2025-06-15 21:34:20 DEBUG [http-nio-8080-exec-9] r.d.c.s.LoanCalculatorComponent - Adjusting rate depending on settings: isInsuranceEnabled=true,  isSalaryClient=false
2025-06-15 21:34:20 DEBUG [http-nio-8080-exec-9] r.d.c.s.LoanCalculatorComponent - Calculating  rate by INSURANCE_DISCOUNT: rate=17
2025-06-15 21:34:20 DEBUG [http-nio-8080-exec-9] r.d.c.s.LoanCalculatorComponent - Calculated rate: rate=17
2025-06-15 21:34:20 DEBUG [http-nio-8080-exec-9] r.d.c.s.i.CalcLoanOfferServiceImpl - Calculated rate: 17
2025-06-15 21:34:20 DEBUG [http-nio-8080-exec-9] r.d.c.s.LoanCalculatorComponent - Calculating principal: amount=25000, isInsuranceEnabled=true
2025-06-15 21:34:20 DEBUG [http-nio-8080-exec-9] r.d.c.s.LoanCalculatorComponent - Increased amount: amount=125000
2025-06-15 21:34:20 DEBUG [http-nio-8080-exec-9] r.d.c.s.i.CalcLoanOfferServiceImpl - Calculated principal: 125000
2025-06-15 21:34:20 DEBUG [http-nio-8080-exec-9] r.d.c.s.LoanCalculatorComponent - Calculating annuity monthly payment: loanAmount=125000, rate=17, term=8
2025-06-15 21:34:20 DEBUG [http-nio-8080-exec-9] r.d.c.s.LoanCalculatorComponent - Calculated monthly payment: 16637.44
2025-06-15 21:34:20 DEBUG [http-nio-8080-exec-9] r.d.c.s.i.CalcLoanOfferServiceImpl - Calculated monthly payment: 16637.44
2025-06-15 21:34:20 DEBUG [http-nio-8080-exec-9] r.d.c.s.LoanCalculatorComponent - Calculating total amount: monthlyPayment=16637.44, term=8
2025-06-15 21:34:20 DEBUG [http-nio-8080-exec-9] r.d.c.s.LoanCalculatorComponent - Calculated total amount: totalAmount=133099.52
2025-06-15 21:34:20 DEBUG [http-nio-8080-exec-9] r.d.c.s.i.CalcLoanOfferServiceImpl - Calculated totalAmount: 133099.52
2025-06-15 21:34:20 DEBUG [http-nio-8080-exec-9] r.d.c.s.i.CalcLoanOfferServiceImpl - Calculated loan offer: LoanOfferDto(statementId=2b652e9e-abe1-4b8a-92e3-3a774aebfcc5, requestedAmount=25000, totalAmount=133099.52, term=8, monthlyPayment=16637.44, rate=17, isInsuranceEnabled=true, isSalaryClient=false)
2025-06-15 21:34:20 DEBUG [http-nio-8080-exec-9] r.d.c.s.i.CalcLoanOfferServiceImpl - Creating loan offer: loanStatementRequest=LoanStatementRequestDto(amount=25000, term=8, firstName=Coul, lastName=Rust, middleName=Jackson, email=coul@example.com, birthdate=2003-01-01, passportSeries=1234, passportNumber=567890), isInsuranceEnabled=true, isSalaryClient=true
2025-06-15 21:34:20 DEBUG [http-nio-8080-exec-9] r.d.c.s.i.CalcLoanOfferServiceImpl - Setting loanAmount: 25000
2025-06-15 21:34:20 DEBUG [http-nio-8080-exec-9] r.d.c.s.LoanCalculatorComponent - Adjusting rate depending on settings: isInsuranceEnabled=true,  isSalaryClient=true
2025-06-15 21:34:20 DEBUG [http-nio-8080-exec-9] r.d.c.s.LoanCalculatorComponent - Calculating  rate by INSURANCE_DISCOUNT: rate=17
2025-06-15 21:34:20 DEBUG [http-nio-8080-exec-9] r.d.c.s.LoanCalculatorComponent - Calculating  rate by SALARY_CLIENT_DISCOUNT: rate=16
2025-06-15 21:34:20 DEBUG [http-nio-8080-exec-9] r.d.c.s.LoanCalculatorComponent - Calculated rate: rate=16
2025-06-15 21:34:20 DEBUG [http-nio-8080-exec-9] r.d.c.s.i.CalcLoanOfferServiceImpl - Calculated rate: 16
2025-06-15 21:34:20 DEBUG [http-nio-8080-exec-9] r.d.c.s.LoanCalculatorComponent - Calculating principal: amount=25000, isInsuranceEnabled=true
2025-06-15 21:34:20 DEBUG [http-nio-8080-exec-9] r.d.c.s.LoanCalculatorComponent - Increased amount: amount=125000
2025-06-15 21:34:20 DEBUG [http-nio-8080-exec-9] r.d.c.s.i.CalcLoanOfferServiceImpl - Calculated principal: 125000
2025-06-15 21:34:20 DEBUG [http-nio-8080-exec-9] r.d.c.s.LoanCalculatorComponent - Calculating annuity monthly payment: loanAmount=125000, rate=16, term=8
2025-06-15 21:34:20 DEBUG [http-nio-8080-exec-9] r.d.c.s.LoanCalculatorComponent - Calculated monthly payment: 16576.98
2025-06-15 21:34:20 DEBUG [http-nio-8080-exec-9] r.d.c.s.i.CalcLoanOfferServiceImpl - Calculated monthly payment: 16576.98
2025-06-15 21:34:20 DEBUG [http-nio-8080-exec-9] r.d.c.s.LoanCalculatorComponent - Calculating total amount: monthlyPayment=16576.98, term=8
2025-06-15 21:34:20 DEBUG [http-nio-8080-exec-9] r.d.c.s.LoanCalculatorComponent - Calculated total amount: totalAmount=132615.84
2025-06-15 21:34:20 DEBUG [http-nio-8080-exec-9] r.d.c.s.i.CalcLoanOfferServiceImpl - Calculated totalAmount: 132615.84
2025-06-15 21:34:20 DEBUG [http-nio-8080-exec-9] r.d.c.s.i.CalcLoanOfferServiceImpl - Calculated loan offer: LoanOfferDto(statementId=b80cabe2-e856-4359-a9f8-ec9d68f745f5, requestedAmount=25000, totalAmount=132615.84, term=8, monthlyPayment=16576.98, rate=16, isInsuranceEnabled=true, isSalaryClient=true)
2025-06-15 21:34:20 DEBUG [http-nio-8080-exec-9] r.d.c.s.i.CalcLoanOfferServiceImpl - Calculated list of loan offers [LoanOfferDto(statementId=d75e8384-9269-4d0a-bd38-7d76f80f9ec7, requestedAmount=25000, totalAmount=26911.12, term=8, monthlyPayment=3363.89, rate=20, isInsuranceEnabled=false, isSalaryClient=false), LoanOfferDto(statementId=5d9343e2-3e8d-41a7-b4c0-059b75c55b66, requestedAmount=25000, totalAmount=26813.92, term=8, monthlyPayment=3351.74, rate=19, isInsuranceEnabled=false, isSalaryClient=true), LoanOfferDto(statementId=2b652e9e-abe1-4b8a-92e3-3a774aebfcc5, requestedAmount=25000, totalAmount=133099.52, term=8, monthlyPayment=16637.44, rate=17, isInsuranceEnabled=true, isSalaryClient=false), LoanOfferDto(statementId=b80cabe2-e856-4359-a9f8-ec9d68f745f5, requestedAmount=25000, totalAmount=132615.84, term=8, monthlyPayment=16576.98, rate=16, isInsuranceEnabled=true, isSalaryClient=true)]
2025-06-15 21:34:20 INFO  [http-nio-8080-exec-9] r.d.c.c.CalculatorController - Response for loan offers request <200 OK OK,[LoanOfferDto(statementId=d75e8384-9269-4d0a-bd38-7d76f80f9ec7, requestedAmount=25000, totalAmount=26911.12, term=8, monthlyPayment=3363.89, rate=20, isInsuranceEnabled=false, isSalaryClient=false), LoanOfferDto(statementId=5d9343e2-3e8d-41a7-b4c0-059b75c55b66, requestedAmount=25000, totalAmount=26813.92, term=8, monthlyPayment=3351.74, rate=19, isInsuranceEnabled=false, isSalaryClient=true), LoanOfferDto(statementId=2b652e9e-abe1-4b8a-92e3-3a774aebfcc5, requestedAmount=25000, totalAmount=133099.52, term=8, monthlyPayment=16637.44, rate=17, isInsuranceEnabled=true, isSalaryClient=false), LoanOfferDto(statementId=b80cabe2-e856-4359-a9f8-ec9d68f745f5, requestedAmount=25000, totalAmount=132615.84, term=8, monthlyPayment=16576.98, rate=16, isInsuranceEnabled=true, isSalaryClient=true)],[]>
2025-06-15 21:34:41 INFO  [SpringApplicationShutdownHook] o.s.b.w.e.tomcat.GracefulShutdown - Commencing graceful shutdown. Waiting for active requests to complete
2025-06-15 21:34:41 INFO  [tomcat-shutdown] o.s.b.w.e.tomcat.GracefulShutdown - Graceful shutdown complete
